------------------------------------------------------------
Timing Analyzer Summary
------------------------------------------------------------

Type  : Slow 1200mV 85C Model Setup 'US_HCSR_04:c_US_HCSR_04|CLK_DIV:c_US_CLK|CLK'
Slack : -91.329
TNS   : -1184.823

Type  : Slow 1200mV 85C Model Setup 'PWM:PTL_EW_1|CLK_DIV:c_PWM_CLK|CLK'
Slack : -34.462
TNS   : -43.797

Type  : Slow 1200mV 85C Model Setup 'PWM:TRLH_NS_3|CLK_DIV:c_PWM_CLK|CLK'
Slack : -34.161
TNS   : -42.607

Type  : Slow 1200mV 85C Model Setup 'PWM:TRLH_NS_0|CLK_DIV:c_PWM_CLK|CLK'
Slack : -34.133
TNS   : -42.464

Type  : Slow 1200mV 85C Model Setup 'PWM:PTL_NS_1|CLK_DIV:c_PWM_CLK|CLK'
Slack : -34.069
TNS   : -42.367

Type  : Slow 1200mV 85C Model Setup 'PWM:TRLH_EW_2|CLK_DIV:c_PWM_CLK|CLK'
Slack : -34.067
TNS   : -43.493

Type  : Slow 1200mV 85C Model Setup 'PWM:TRLH_EW_0|CLK_DIV:c_PWM_CLK|CLK'
Slack : -33.931
TNS   : -42.877

Type  : Slow 1200mV 85C Model Setup 'PWM:TRLH_NS_1|CLK_DIV:c_PWM_CLK|CLK'
Slack : -33.899
TNS   : -42.064

Type  : Slow 1200mV 85C Model Setup 'Interface_Comm:c_Interface_Comm|CLK_DIV:c_TEM_CLK|CLK'
Slack : -33.885
TNS   : -407.609

Type  : Slow 1200mV 85C Model Setup 'PWM:TRLH_EW_3|CLK_DIV:c_PWM_CLK|CLK'
Slack : -33.865
TNS   : -43.728

Type  : Slow 1200mV 85C Model Setup 'PWM:TRLH_EW_1|CLK_DIV:c_PWM_CLK|CLK'
Slack : -33.799
TNS   : -43.363

Type  : Slow 1200mV 85C Model Setup 'PWM:PTL_NS_0|CLK_DIV:c_PWM_CLK|CLK'
Slack : -33.713
TNS   : -44.293

Type  : Slow 1200mV 85C Model Setup 'PWM:TRLH_NS_2|CLK_DIV:c_PWM_CLK|CLK'
Slack : -32.693
TNS   : -41.040

Type  : Slow 1200mV 85C Model Setup 'PWM:PTL_EW_0|CLK_DIV:c_PWM_CLK|CLK'
Slack : -31.726
TNS   : -41.861

Type  : Slow 1200mV 85C Model Setup 'CLK_DIV:c_STL_CLK|CLK'
Slack : -8.731
TNS   : -1157.681

Type  : Slow 1200mV 85C Model Setup 'DISPLAY_BCD:c_DISPLAY_BCD|CLK_DIV:c_DISP_CLK|CLK'
Slack : -7.176
TNS   : -52.504

Type  : Slow 1200mV 85C Model Setup 'i_CLK'
Slack : -4.885
TNS   : -537.960

Type  : Slow 1200mV 85C Model Setup 'Interface_Comm:c_Interface_Comm|UART_TX_string:c_TX_message|CLK_DIV:c_UART_CLK|CLK'
Slack : -4.556
TNS   : -157.419

Type  : Slow 1200mV 85C Model Setup 'Interface_Comm:c_Interface_Comm|UART_TX_string:c_TX_message|UART_TX_byte:TX_byte|CLK_DIV:c_UART_CLK|CLK'
Slack : -2.060
TNS   : -11.022

Type  : Slow 1200mV 85C Model Setup 'ADC_0804LCN:c_ADC_POT|CLK_DIV:c_ADC_CLK|CLK'
Slack : -1.535
TNS   : -14.339

Type  : Slow 1200mV 85C Model Setup 'ADC_0804LCN:c_ADC_TEMP|CLK_DIV:c_ADC_CLK|CLK'
Slack : -1.184
TNS   : -10.894

Type  : Slow 1200mV 85C Model Hold 'CLK_DIV:c_STL_CLK|CLK'
Slack : 0.432
TNS   : 0.000

Type  : Slow 1200mV 85C Model Hold 'Interface_Comm:c_Interface_Comm|UART_TX_string:c_TX_message|CLK_DIV:c_UART_CLK|CLK'
Slack : 0.452
TNS   : 0.000

Type  : Slow 1200mV 85C Model Hold 'Interface_Comm:c_Interface_Comm|UART_TX_string:c_TX_message|UART_TX_byte:TX_byte|CLK_DIV:c_UART_CLK|CLK'
Slack : 0.452
TNS   : 0.000

Type  : Slow 1200mV 85C Model Hold 'US_HCSR_04:c_US_HCSR_04|CLK_DIV:c_US_CLK|CLK'
Slack : 0.452
TNS   : 0.000

Type  : Slow 1200mV 85C Model Hold 'ADC_0804LCN:c_ADC_TEMP|CLK_DIV:c_ADC_CLK|CLK'
Slack : 0.453
TNS   : 0.000

Type  : Slow 1200mV 85C Model Hold 'DISPLAY_BCD:c_DISPLAY_BCD|CLK_DIV:c_DISP_CLK|CLK'
Slack : 0.453
TNS   : 0.000

Type  : Slow 1200mV 85C Model Hold 'Interface_Comm:c_Interface_Comm|CLK_DIV:c_TEM_CLK|CLK'
Slack : 0.453
TNS   : 0.000

Type  : Slow 1200mV 85C Model Hold 'ADC_0804LCN:c_ADC_POT|CLK_DIV:c_ADC_CLK|CLK'
Slack : 0.454
TNS   : 0.000

Type  : Slow 1200mV 85C Model Hold 'i_CLK'
Slack : 0.715
TNS   : 0.000

Type  : Slow 1200mV 85C Model Hold 'PWM:PTL_EW_0|CLK_DIV:c_PWM_CLK|CLK'
Slack : 0.739
TNS   : 0.000

Type  : Slow 1200mV 85C Model Hold 'PWM:TRLH_NS_2|CLK_DIV:c_PWM_CLK|CLK'
Slack : 0.751
TNS   : 0.000

Type  : Slow 1200mV 85C Model Hold 'PWM:PTL_NS_1|CLK_DIV:c_PWM_CLK|CLK'
Slack : 0.795
TNS   : 0.000

Type  : Slow 1200mV 85C Model Hold 'PWM:TRLH_NS_3|CLK_DIV:c_PWM_CLK|CLK'
Slack : 0.795
TNS   : 0.000

Type  : Slow 1200mV 85C Model Hold 'PWM:PTL_NS_0|CLK_DIV:c_PWM_CLK|CLK'
Slack : 0.800
TNS   : 0.000

Type  : Slow 1200mV 85C Model Hold 'PWM:TRLH_EW_0|CLK_DIV:c_PWM_CLK|CLK'
Slack : 0.801
TNS   : 0.000

Type  : Slow 1200mV 85C Model Hold 'PWM:TRLH_EW_1|CLK_DIV:c_PWM_CLK|CLK'
Slack : 0.801
TNS   : 0.000

Type  : Slow 1200mV 85C Model Hold 'PWM:TRLH_EW_2|CLK_DIV:c_PWM_CLK|CLK'
Slack : 0.801
TNS   : 0.000

Type  : Slow 1200mV 85C Model Hold 'PWM:TRLH_NS_1|CLK_DIV:c_PWM_CLK|CLK'
Slack : 0.801
TNS   : 0.000

Type  : Slow 1200mV 85C Model Hold 'PWM:PTL_EW_1|CLK_DIV:c_PWM_CLK|CLK'
Slack : 0.802
TNS   : 0.000

Type  : Slow 1200mV 85C Model Hold 'PWM:TRLH_EW_3|CLK_DIV:c_PWM_CLK|CLK'
Slack : 0.803
TNS   : 0.000

Type  : Slow 1200mV 85C Model Hold 'PWM:TRLH_NS_0|CLK_DIV:c_PWM_CLK|CLK'
Slack : 0.803
TNS   : 0.000

Type  : Slow 1200mV 85C Model Minimum Pulse Width 'US_HCSR_04:c_US_HCSR_04|CLK_DIV:c_US_CLK|CLK'
Slack : -4.000
TNS   : -239.525

Type  : Slow 1200mV 85C Model Minimum Pulse Width 'i_CLK'
Slack : -3.000
TNS   : -223.076

Type  : Slow 1200mV 85C Model Minimum Pulse Width 'CLK_DIV:c_STL_CLK|CLK'
Slack : -1.487
TNS   : -272.121

Type  : Slow 1200mV 85C Model Minimum Pulse Width 'Interface_Comm:c_Interface_Comm|CLK_DIV:c_TEM_CLK|CLK'
Slack : -1.487
TNS   : -95.168

Type  : Slow 1200mV 85C Model Minimum Pulse Width 'Interface_Comm:c_Interface_Comm|UART_TX_string:c_TX_message|CLK_DIV:c_UART_CLK|CLK'
Slack : -1.487
TNS   : -63.941

Type  : Slow 1200mV 85C Model Minimum Pulse Width 'ADC_0804LCN:c_ADC_POT|CLK_DIV:c_ADC_CLK|CLK'
Slack : -1.487
TNS   : -25.279

Type  : Slow 1200mV 85C Model Minimum Pulse Width 'ADC_0804LCN:c_ADC_TEMP|CLK_DIV:c_ADC_CLK|CLK'
Slack : -1.487
TNS   : -25.279

Type  : Slow 1200mV 85C Model Minimum Pulse Width 'DISPLAY_BCD:c_DISPLAY_BCD|CLK_DIV:c_DISP_CLK|CLK'
Slack : -1.487
TNS   : -19.331

Type  : Slow 1200mV 85C Model Minimum Pulse Width 'Interface_Comm:c_Interface_Comm|UART_TX_string:c_TX_message|UART_TX_byte:TX_byte|CLK_DIV:c_UART_CLK|CLK'
Slack : -1.487
TNS   : -14.870

Type  : Slow 1200mV 85C Model Minimum Pulse Width 'PWM:PTL_EW_0|CLK_DIV:c_PWM_CLK|CLK'
Slack : -1.487
TNS   : -11.896

Type  : Slow 1200mV 85C Model Minimum Pulse Width 'PWM:PTL_EW_1|CLK_DIV:c_PWM_CLK|CLK'
Slack : -1.487
TNS   : -11.896

Type  : Slow 1200mV 85C Model Minimum Pulse Width 'PWM:PTL_NS_0|CLK_DIV:c_PWM_CLK|CLK'
Slack : -1.487
TNS   : -11.896

Type  : Slow 1200mV 85C Model Minimum Pulse Width 'PWM:PTL_NS_1|CLK_DIV:c_PWM_CLK|CLK'
Slack : -1.487
TNS   : -11.896

Type  : Slow 1200mV 85C Model Minimum Pulse Width 'PWM:TRLH_EW_0|CLK_DIV:c_PWM_CLK|CLK'
Slack : -1.487
TNS   : -11.896

Type  : Slow 1200mV 85C Model Minimum Pulse Width 'PWM:TRLH_EW_1|CLK_DIV:c_PWM_CLK|CLK'
Slack : -1.487
TNS   : -11.896

Type  : Slow 1200mV 85C Model Minimum Pulse Width 'PWM:TRLH_EW_2|CLK_DIV:c_PWM_CLK|CLK'
Slack : -1.487
TNS   : -11.896

Type  : Slow 1200mV 85C Model Minimum Pulse Width 'PWM:TRLH_EW_3|CLK_DIV:c_PWM_CLK|CLK'
Slack : -1.487
TNS   : -11.896

Type  : Slow 1200mV 85C Model Minimum Pulse Width 'PWM:TRLH_NS_0|CLK_DIV:c_PWM_CLK|CLK'
Slack : -1.487
TNS   : -11.896

Type  : Slow 1200mV 85C Model Minimum Pulse Width 'PWM:TRLH_NS_1|CLK_DIV:c_PWM_CLK|CLK'
Slack : -1.487
TNS   : -11.896

Type  : Slow 1200mV 85C Model Minimum Pulse Width 'PWM:TRLH_NS_2|CLK_DIV:c_PWM_CLK|CLK'
Slack : -1.487
TNS   : -11.896

Type  : Slow 1200mV 85C Model Minimum Pulse Width 'PWM:TRLH_NS_3|CLK_DIV:c_PWM_CLK|CLK'
Slack : -1.487
TNS   : -11.896

Type  : Slow 1200mV 0C Model Setup 'US_HCSR_04:c_US_HCSR_04|CLK_DIV:c_US_CLK|CLK'
Slack : -83.442
TNS   : -1083.750

Type  : Slow 1200mV 0C Model Setup 'PWM:PTL_EW_1|CLK_DIV:c_PWM_CLK|CLK'
Slack : -31.361
TNS   : -39.292

Type  : Slow 1200mV 0C Model Setup 'PWM:TRLH_NS_3|CLK_DIV:c_PWM_CLK|CLK'
Slack : -31.077
TNS   : -38.064

Type  : Slow 1200mV 0C Model Setup 'PWM:TRLH_NS_0|CLK_DIV:c_PWM_CLK|CLK'
Slack : -31.070
TNS   : -37.953

Type  : Slow 1200mV 0C Model Setup 'PWM:TRLH_EW_2|CLK_DIV:c_PWM_CLK|CLK'
Slack : -30.998
TNS   : -39.046

Type  : Slow 1200mV 0C Model Setup 'PWM:PTL_NS_1|CLK_DIV:c_PWM_CLK|CLK'
Slack : -30.986
TNS   : -37.840

Type  : Slow 1200mV 0C Model Setup 'Interface_Comm:c_Interface_Comm|CLK_DIV:c_TEM_CLK|CLK'
Slack : -30.878
TNS   : -370.925

Type  : Slow 1200mV 0C Model Setup 'PWM:TRLH_EW_0|CLK_DIV:c_PWM_CLK|CLK'
Slack : -30.873
TNS   : -38.393

Type  : Slow 1200mV 0C Model Setup 'PWM:TRLH_NS_1|CLK_DIV:c_PWM_CLK|CLK'
Slack : -30.819
TNS   : -37.547

Type  : Slow 1200mV 0C Model Setup 'PWM:TRLH_EW_3|CLK_DIV:c_PWM_CLK|CLK'
Slack : -30.803
TNS   : -39.217

Type  : Slow 1200mV 0C Model Setup 'PWM:TRLH_EW_1|CLK_DIV:c_PWM_CLK|CLK'
Slack : -30.729
TNS   : -38.847

Type  : Slow 1200mV 0C Model Setup 'PWM:PTL_NS_0|CLK_DIV:c_PWM_CLK|CLK'
Slack : -30.658
TNS   : -39.739

Type  : Slow 1200mV 0C Model Setup 'PWM:TRLH_NS_2|CLK_DIV:c_PWM_CLK|CLK'
Slack : -29.717
TNS   : -36.612

Type  : Slow 1200mV 0C Model Setup 'PWM:PTL_EW_0|CLK_DIV:c_PWM_CLK|CLK'
Slack : -28.843
TNS   : -37.587

Type  : Slow 1200mV 0C Model Setup 'CLK_DIV:c_STL_CLK|CLK'
Slack : -7.925
TNS   : -1069.600

Type  : Slow 1200mV 0C Model Setup 'DISPLAY_BCD:c_DISPLAY_BCD|CLK_DIV:c_DISP_CLK|CLK'
Slack : -6.719
TNS   : -48.705

Type  : Slow 1200mV 0C Model Setup 'i_CLK'
Slack : -4.577
TNS   : -494.732

Type  : Slow 1200mV 0C Model Setup 'Interface_Comm:c_Interface_Comm|UART_TX_string:c_TX_message|CLK_DIV:c_UART_CLK|CLK'
Slack : -4.066
TNS   : -142.748

Type  : Slow 1200mV 0C Model Setup 'Interface_Comm:c_Interface_Comm|UART_TX_string:c_TX_message|UART_TX_byte:TX_byte|CLK_DIV:c_UART_CLK|CLK'
Slack : -1.904
TNS   : -9.817

Type  : Slow 1200mV 0C Model Setup 'ADC_0804LCN:c_ADC_POT|CLK_DIV:c_ADC_CLK|CLK'
Slack : -1.379
TNS   : -12.338

Type  : Slow 1200mV 0C Model Setup 'ADC_0804LCN:c_ADC_TEMP|CLK_DIV:c_ADC_CLK|CLK'
Slack : -1.059
TNS   : -9.260

Type  : Slow 1200mV 0C Model Hold 'CLK_DIV:c_STL_CLK|CLK'
Slack : 0.381
TNS   : 0.000

Type  : Slow 1200mV 0C Model Hold 'ADC_0804LCN:c_ADC_TEMP|CLK_DIV:c_ADC_CLK|CLK'
Slack : 0.401
TNS   : 0.000

Type  : Slow 1200mV 0C Model Hold 'Interface_Comm:c_Interface_Comm|CLK_DIV:c_TEM_CLK|CLK'
Slack : 0.401
TNS   : 0.000

Type  : Slow 1200mV 0C Model Hold 'US_HCSR_04:c_US_HCSR_04|CLK_DIV:c_US_CLK|CLK'
Slack : 0.401
TNS   : 0.000

Type  : Slow 1200mV 0C Model Hold 'ADC_0804LCN:c_ADC_POT|CLK_DIV:c_ADC_CLK|CLK'
Slack : 0.402
TNS   : 0.000

Type  : Slow 1200mV 0C Model Hold 'DISPLAY_BCD:c_DISPLAY_BCD|CLK_DIV:c_DISP_CLK|CLK'
Slack : 0.402
TNS   : 0.000

Type  : Slow 1200mV 0C Model Hold 'Interface_Comm:c_Interface_Comm|UART_TX_string:c_TX_message|CLK_DIV:c_UART_CLK|CLK'
Slack : 0.402
TNS   : 0.000

Type  : Slow 1200mV 0C Model Hold 'Interface_Comm:c_Interface_Comm|UART_TX_string:c_TX_message|UART_TX_byte:TX_byte|CLK_DIV:c_UART_CLK|CLK'
Slack : 0.402
TNS   : 0.000

Type  : Slow 1200mV 0C Model Hold 'PWM:TRLH_NS_2|CLK_DIV:c_PWM_CLK|CLK'
Slack : 0.607
TNS   : 0.000

Type  : Slow 1200mV 0C Model Hold 'i_CLK'
Slack : 0.664
TNS   : 0.000

Type  : Slow 1200mV 0C Model Hold 'PWM:PTL_EW_0|CLK_DIV:c_PWM_CLK|CLK'
Slack : 0.678
TNS   : 0.000

Type  : Slow 1200mV 0C Model Hold 'PWM:PTL_NS_1|CLK_DIV:c_PWM_CLK|CLK'
Slack : 0.687
TNS   : 0.000

Type  : Slow 1200mV 0C Model Hold 'PWM:TRLH_NS_3|CLK_DIV:c_PWM_CLK|CLK'
Slack : 0.737
TNS   : 0.000

Type  : Slow 1200mV 0C Model Hold 'PWM:PTL_NS_0|CLK_DIV:c_PWM_CLK|CLK'
Slack : 0.741
TNS   : 0.000

Type  : Slow 1200mV 0C Model Hold 'PWM:TRLH_EW_0|CLK_DIV:c_PWM_CLK|CLK'
Slack : 0.742
TNS   : 0.000

Type  : Slow 1200mV 0C Model Hold 'PWM:TRLH_EW_2|CLK_DIV:c_PWM_CLK|CLK'
Slack : 0.742
TNS   : 0.000

Type  : Slow 1200mV 0C Model Hold 'PWM:TRLH_NS_1|CLK_DIV:c_PWM_CLK|CLK'
Slack : 0.742
TNS   : 0.000

Type  : Slow 1200mV 0C Model Hold 'PWM:TRLH_EW_1|CLK_DIV:c_PWM_CLK|CLK'
Slack : 0.743
TNS   : 0.000

Type  : Slow 1200mV 0C Model Hold 'PWM:TRLH_NS_0|CLK_DIV:c_PWM_CLK|CLK'
Slack : 0.743
TNS   : 0.000

Type  : Slow 1200mV 0C Model Hold 'PWM:PTL_EW_1|CLK_DIV:c_PWM_CLK|CLK'
Slack : 0.744
TNS   : 0.000

Type  : Slow 1200mV 0C Model Hold 'PWM:TRLH_EW_3|CLK_DIV:c_PWM_CLK|CLK'
Slack : 0.745
TNS   : 0.000

Type  : Slow 1200mV 0C Model Minimum Pulse Width 'US_HCSR_04:c_US_HCSR_04|CLK_DIV:c_US_CLK|CLK'
Slack : -4.000
TNS   : -239.525

Type  : Slow 1200mV 0C Model Minimum Pulse Width 'i_CLK'
Slack : -3.000
TNS   : -223.076

Type  : Slow 1200mV 0C Model Minimum Pulse Width 'CLK_DIV:c_STL_CLK|CLK'
Slack : -1.487
TNS   : -272.121

Type  : Slow 1200mV 0C Model Minimum Pulse Width 'Interface_Comm:c_Interface_Comm|CLK_DIV:c_TEM_CLK|CLK'
Slack : -1.487
TNS   : -95.168

Type  : Slow 1200mV 0C Model Minimum Pulse Width 'Interface_Comm:c_Interface_Comm|UART_TX_string:c_TX_message|CLK_DIV:c_UART_CLK|CLK'
Slack : -1.487
TNS   : -63.941

Type  : Slow 1200mV 0C Model Minimum Pulse Width 'ADC_0804LCN:c_ADC_POT|CLK_DIV:c_ADC_CLK|CLK'
Slack : -1.487
TNS   : -25.279

Type  : Slow 1200mV 0C Model Minimum Pulse Width 'ADC_0804LCN:c_ADC_TEMP|CLK_DIV:c_ADC_CLK|CLK'
Slack : -1.487
TNS   : -25.279

Type  : Slow 1200mV 0C Model Minimum Pulse Width 'DISPLAY_BCD:c_DISPLAY_BCD|CLK_DIV:c_DISP_CLK|CLK'
Slack : -1.487
TNS   : -19.331

Type  : Slow 1200mV 0C Model Minimum Pulse Width 'Interface_Comm:c_Interface_Comm|UART_TX_string:c_TX_message|UART_TX_byte:TX_byte|CLK_DIV:c_UART_CLK|CLK'
Slack : -1.487
TNS   : -14.870

Type  : Slow 1200mV 0C Model Minimum Pulse Width 'PWM:PTL_EW_0|CLK_DIV:c_PWM_CLK|CLK'
Slack : -1.487
TNS   : -11.896

Type  : Slow 1200mV 0C Model Minimum Pulse Width 'PWM:PTL_EW_1|CLK_DIV:c_PWM_CLK|CLK'
Slack : -1.487
TNS   : -11.896

Type  : Slow 1200mV 0C Model Minimum Pulse Width 'PWM:PTL_NS_0|CLK_DIV:c_PWM_CLK|CLK'
Slack : -1.487
TNS   : -11.896

Type  : Slow 1200mV 0C Model Minimum Pulse Width 'PWM:PTL_NS_1|CLK_DIV:c_PWM_CLK|CLK'
Slack : -1.487
TNS   : -11.896

Type  : Slow 1200mV 0C Model Minimum Pulse Width 'PWM:TRLH_EW_0|CLK_DIV:c_PWM_CLK|CLK'
Slack : -1.487
TNS   : -11.896

Type  : Slow 1200mV 0C Model Minimum Pulse Width 'PWM:TRLH_EW_1|CLK_DIV:c_PWM_CLK|CLK'
Slack : -1.487
TNS   : -11.896

Type  : Slow 1200mV 0C Model Minimum Pulse Width 'PWM:TRLH_EW_2|CLK_DIV:c_PWM_CLK|CLK'
Slack : -1.487
TNS   : -11.896

Type  : Slow 1200mV 0C Model Minimum Pulse Width 'PWM:TRLH_EW_3|CLK_DIV:c_PWM_CLK|CLK'
Slack : -1.487
TNS   : -11.896

Type  : Slow 1200mV 0C Model Minimum Pulse Width 'PWM:TRLH_NS_0|CLK_DIV:c_PWM_CLK|CLK'
Slack : -1.487
TNS   : -11.896

Type  : Slow 1200mV 0C Model Minimum Pulse Width 'PWM:TRLH_NS_1|CLK_DIV:c_PWM_CLK|CLK'
Slack : -1.487
TNS   : -11.896

Type  : Slow 1200mV 0C Model Minimum Pulse Width 'PWM:TRLH_NS_2|CLK_DIV:c_PWM_CLK|CLK'
Slack : -1.487
TNS   : -11.896

Type  : Slow 1200mV 0C Model Minimum Pulse Width 'PWM:TRLH_NS_3|CLK_DIV:c_PWM_CLK|CLK'
Slack : -1.487
TNS   : -11.896

Type  : Fast 1200mV 0C Model Setup 'US_HCSR_04:c_US_HCSR_04|CLK_DIV:c_US_CLK|CLK'
Slack : -39.431
TNS   : -453.596

Type  : Fast 1200mV 0C Model Setup 'PWM:PTL_EW_1|CLK_DIV:c_PWM_CLK|CLK'
Slack : -14.962
TNS   : -15.720

Type  : Fast 1200mV 0C Model Setup 'PWM:PTL_NS_1|CLK_DIV:c_PWM_CLK|CLK'
Slack : -14.772
TNS   : -15.133

Type  : Fast 1200mV 0C Model Setup 'PWM:TRLH_NS_0|CLK_DIV:c_PWM_CLK|CLK'
Slack : -14.759
TNS   : -15.132

Type  : Fast 1200mV 0C Model Setup 'PWM:TRLH_NS_3|CLK_DIV:c_PWM_CLK|CLK'
Slack : -14.736
TNS   : -15.167

Type  : Fast 1200mV 0C Model Setup 'PWM:TRLH_NS_1|CLK_DIV:c_PWM_CLK|CLK'
Slack : -14.708
TNS   : -14.998

Type  : Fast 1200mV 0C Model Setup 'PWM:TRLH_EW_2|CLK_DIV:c_PWM_CLK|CLK'
Slack : -14.670
TNS   : -15.453

Type  : Fast 1200mV 0C Model Setup 'PWM:TRLH_EW_0|CLK_DIV:c_PWM_CLK|CLK'
Slack : -14.612
TNS   : -15.255

Type  : Fast 1200mV 0C Model Setup 'PWM:TRLH_EW_3|CLK_DIV:c_PWM_CLK|CLK'
Slack : -14.611
TNS   : -15.623

Type  : Fast 1200mV 0C Model Setup 'PWM:TRLH_EW_1|CLK_DIV:c_PWM_CLK|CLK'
Slack : -14.590
TNS   : -15.428

Type  : Fast 1200mV 0C Model Setup 'PWM:PTL_NS_0|CLK_DIV:c_PWM_CLK|CLK'
Slack : -14.537
TNS   : -15.833

Type  : Fast 1200mV 0C Model Setup 'PWM:TRLH_NS_2|CLK_DIV:c_PWM_CLK|CLK'
Slack : -14.086
TNS   : -14.477

Type  : Fast 1200mV 0C Model Setup 'Interface_Comm:c_Interface_Comm|CLK_DIV:c_TEM_CLK|CLK'
Slack : -13.886
TNS   : -141.587

Type  : Fast 1200mV 0C Model Setup 'PWM:PTL_EW_0|CLK_DIV:c_PWM_CLK|CLK'
Slack : -13.601
TNS   : -14.566

Type  : Fast 1200mV 0C Model Setup 'CLK_DIV:c_STL_CLK|CLK'
Slack : -3.271
TNS   : -405.924

Type  : Fast 1200mV 0C Model Setup 'DISPLAY_BCD:c_DISPLAY_BCD|CLK_DIV:c_DISP_CLK|CLK'
Slack : -2.649
TNS   : -18.270

Type  : Fast 1200mV 0C Model Setup 'i_CLK'
Slack : -1.546
TNS   : -137.005

Type  : Fast 1200mV 0C Model Setup 'Interface_Comm:c_Interface_Comm|UART_TX_string:c_TX_message|CLK_DIV:c_UART_CLK|CLK'
Slack : -1.379
TNS   : -43.644

Type  : Fast 1200mV 0C Model Setup 'Interface_Comm:c_Interface_Comm|UART_TX_string:c_TX_message|UART_TX_byte:TX_byte|CLK_DIV:c_UART_CLK|CLK'
Slack : -0.313
TNS   : -0.553

Type  : Fast 1200mV 0C Model Setup 'ADC_0804LCN:c_ADC_POT|CLK_DIV:c_ADC_CLK|CLK'
Slack : -0.182
TNS   : -0.375

Type  : Fast 1200mV 0C Model Setup 'ADC_0804LCN:c_ADC_TEMP|CLK_DIV:c_ADC_CLK|CLK'
Slack : 0.050
TNS   : 0.000

Type  : Fast 1200mV 0C Model Hold 'CLK_DIV:c_STL_CLK|CLK'
Slack : 0.177
TNS   : 0.000

Type  : Fast 1200mV 0C Model Hold 'DISPLAY_BCD:c_DISPLAY_BCD|CLK_DIV:c_DISP_CLK|CLK'
Slack : 0.186
TNS   : 0.000

Type  : Fast 1200mV 0C Model Hold 'Interface_Comm:c_Interface_Comm|CLK_DIV:c_TEM_CLK|CLK'
Slack : 0.186
TNS   : 0.000

Type  : Fast 1200mV 0C Model Hold 'Interface_Comm:c_Interface_Comm|UART_TX_string:c_TX_message|CLK_DIV:c_UART_CLK|CLK'
Slack : 0.186
TNS   : 0.000

Type  : Fast 1200mV 0C Model Hold 'Interface_Comm:c_Interface_Comm|UART_TX_string:c_TX_message|UART_TX_byte:TX_byte|CLK_DIV:c_UART_CLK|CLK'
Slack : 0.186
TNS   : 0.000

Type  : Fast 1200mV 0C Model Hold 'US_HCSR_04:c_US_HCSR_04|CLK_DIV:c_US_CLK|CLK'
Slack : 0.186
TNS   : 0.000

Type  : Fast 1200mV 0C Model Hold 'ADC_0804LCN:c_ADC_POT|CLK_DIV:c_ADC_CLK|CLK'
Slack : 0.187
TNS   : 0.000

Type  : Fast 1200mV 0C Model Hold 'ADC_0804LCN:c_ADC_TEMP|CLK_DIV:c_ADC_CLK|CLK'
Slack : 0.187
TNS   : 0.000

Type  : Fast 1200mV 0C Model Hold 'i_CLK'
Slack : 0.234
TNS   : 0.000

Type  : Fast 1200mV 0C Model Hold 'PWM:PTL_EW_0|CLK_DIV:c_PWM_CLK|CLK'
Slack : 0.291
TNS   : 0.000

Type  : Fast 1200mV 0C Model Hold 'PWM:PTL_NS_1|CLK_DIV:c_PWM_CLK|CLK'
Slack : 0.320
TNS   : 0.000

Type  : Fast 1200mV 0C Model Hold 'PWM:TRLH_NS_3|CLK_DIV:c_PWM_CLK|CLK'
Slack : 0.320
TNS   : 0.000

Type  : Fast 1200mV 0C Model Hold 'PWM:PTL_NS_0|CLK_DIV:c_PWM_CLK|CLK'
Slack : 0.323
TNS   : 0.000

Type  : Fast 1200mV 0C Model Hold 'PWM:PTL_EW_1|CLK_DIV:c_PWM_CLK|CLK'
Slack : 0.324
TNS   : 0.000

Type  : Fast 1200mV 0C Model Hold 'PWM:TRLH_EW_0|CLK_DIV:c_PWM_CLK|CLK'
Slack : 0.324
TNS   : 0.000

Type  : Fast 1200mV 0C Model Hold 'PWM:TRLH_EW_1|CLK_DIV:c_PWM_CLK|CLK'
Slack : 0.324
TNS   : 0.000

Type  : Fast 1200mV 0C Model Hold 'PWM:TRLH_EW_2|CLK_DIV:c_PWM_CLK|CLK'
Slack : 0.324
TNS   : 0.000

Type  : Fast 1200mV 0C Model Hold 'PWM:TRLH_EW_3|CLK_DIV:c_PWM_CLK|CLK'
Slack : 0.324
TNS   : 0.000

Type  : Fast 1200mV 0C Model Hold 'PWM:TRLH_NS_0|CLK_DIV:c_PWM_CLK|CLK'
Slack : 0.324
TNS   : 0.000

Type  : Fast 1200mV 0C Model Hold 'PWM:TRLH_NS_1|CLK_DIV:c_PWM_CLK|CLK'
Slack : 0.324
TNS   : 0.000

Type  : Fast 1200mV 0C Model Hold 'PWM:TRLH_NS_2|CLK_DIV:c_PWM_CLK|CLK'
Slack : 0.324
TNS   : 0.000

Type  : Fast 1200mV 0C Model Minimum Pulse Width 'i_CLK'
Slack : -3.000
TNS   : -160.806

Type  : Fast 1200mV 0C Model Minimum Pulse Width 'CLK_DIV:c_STL_CLK|CLK'
Slack : -1.000
TNS   : -183.000

Type  : Fast 1200mV 0C Model Minimum Pulse Width 'US_HCSR_04:c_US_HCSR_04|CLK_DIV:c_US_CLK|CLK'
Slack : -1.000
TNS   : -107.000

Type  : Fast 1200mV 0C Model Minimum Pulse Width 'Interface_Comm:c_Interface_Comm|CLK_DIV:c_TEM_CLK|CLK'
Slack : -1.000
TNS   : -64.000

Type  : Fast 1200mV 0C Model Minimum Pulse Width 'Interface_Comm:c_Interface_Comm|UART_TX_string:c_TX_message|CLK_DIV:c_UART_CLK|CLK'
Slack : -1.000
TNS   : -43.000

Type  : Fast 1200mV 0C Model Minimum Pulse Width 'ADC_0804LCN:c_ADC_POT|CLK_DIV:c_ADC_CLK|CLK'
Slack : -1.000
TNS   : -17.000

Type  : Fast 1200mV 0C Model Minimum Pulse Width 'ADC_0804LCN:c_ADC_TEMP|CLK_DIV:c_ADC_CLK|CLK'
Slack : -1.000
TNS   : -17.000

Type  : Fast 1200mV 0C Model Minimum Pulse Width 'DISPLAY_BCD:c_DISPLAY_BCD|CLK_DIV:c_DISP_CLK|CLK'
Slack : -1.000
TNS   : -13.000

Type  : Fast 1200mV 0C Model Minimum Pulse Width 'Interface_Comm:c_Interface_Comm|UART_TX_string:c_TX_message|UART_TX_byte:TX_byte|CLK_DIV:c_UART_CLK|CLK'
Slack : -1.000
TNS   : -10.000

Type  : Fast 1200mV 0C Model Minimum Pulse Width 'PWM:PTL_EW_0|CLK_DIV:c_PWM_CLK|CLK'
Slack : -1.000
TNS   : -8.000

Type  : Fast 1200mV 0C Model Minimum Pulse Width 'PWM:PTL_EW_1|CLK_DIV:c_PWM_CLK|CLK'
Slack : -1.000
TNS   : -8.000

Type  : Fast 1200mV 0C Model Minimum Pulse Width 'PWM:PTL_NS_0|CLK_DIV:c_PWM_CLK|CLK'
Slack : -1.000
TNS   : -8.000

Type  : Fast 1200mV 0C Model Minimum Pulse Width 'PWM:PTL_NS_1|CLK_DIV:c_PWM_CLK|CLK'
Slack : -1.000
TNS   : -8.000

Type  : Fast 1200mV 0C Model Minimum Pulse Width 'PWM:TRLH_EW_0|CLK_DIV:c_PWM_CLK|CLK'
Slack : -1.000
TNS   : -8.000

Type  : Fast 1200mV 0C Model Minimum Pulse Width 'PWM:TRLH_EW_1|CLK_DIV:c_PWM_CLK|CLK'
Slack : -1.000
TNS   : -8.000

Type  : Fast 1200mV 0C Model Minimum Pulse Width 'PWM:TRLH_EW_2|CLK_DIV:c_PWM_CLK|CLK'
Slack : -1.000
TNS   : -8.000

Type  : Fast 1200mV 0C Model Minimum Pulse Width 'PWM:TRLH_EW_3|CLK_DIV:c_PWM_CLK|CLK'
Slack : -1.000
TNS   : -8.000

Type  : Fast 1200mV 0C Model Minimum Pulse Width 'PWM:TRLH_NS_0|CLK_DIV:c_PWM_CLK|CLK'
Slack : -1.000
TNS   : -8.000

Type  : Fast 1200mV 0C Model Minimum Pulse Width 'PWM:TRLH_NS_1|CLK_DIV:c_PWM_CLK|CLK'
Slack : -1.000
TNS   : -8.000

Type  : Fast 1200mV 0C Model Minimum Pulse Width 'PWM:TRLH_NS_2|CLK_DIV:c_PWM_CLK|CLK'
Slack : -1.000
TNS   : -8.000

Type  : Fast 1200mV 0C Model Minimum Pulse Width 'PWM:TRLH_NS_3|CLK_DIV:c_PWM_CLK|CLK'
Slack : -1.000
TNS   : -8.000

------------------------------------------------------------
